[6/35] What are the health benefits and risks of inte -> +6
[2/35] Who won the 2022 FIFA World Cup and how? -> +6
[4/35] How does the Lightning Network work on Bitcoin -> +6
[3/35] What are the main causes of inflation? -> +6
[7/35] What is the difference between HTTP/2 and HTTP -> +6
[1/35] What is retrieval-augmented generation and why -> +6
[5/35] What is the James Webb Space Telescope and wha -> +6
[8/35] What caused the 2008 financial crisis? -> +6
  retry 0 What is quantum entanglement in simp: Expecting ',' delimiter: line 1 column 2299 (char 2298)
[9/35] How do mRNA vaccines work? -> +6
[11/35] What is the Ethereum Merge and what did it cha -> +6
[14/35] How does the DNS system resolve a domain name  -> +6
[13/35] What is the greenhouse effect and how does it  -> +6
[12/35] What are large language model context windows  -> +6
[10/35] What is the current state of nuclear fusion en -> +6
[16/35] What are the key provisions of the EU AI Act? -> +6
[15/35] What is quantum entanglement in simple terms? -> +6
[17/35] How does Solana achieve high transaction throu -> +6
[18/35] What is CRISPR gene editing and what is it use -> +6
[19/35] What are the differences between TCP and UDP? -> +6
[21/35] How does a transformer neural network attentio -> +6
[20/35] What is the significance of the Higgs boson di -> +6
[24/35] What is the role of the Federal Reserve in the -> +6
[23/35] What are the main renewable energy sources and -> +6
[22/35] What is zero-knowledge proof technology used f -> +6
[25/35] How do self-driving cars perceive their enviro -> +6
[29/35] How does end-to-end encryption protect message -> +6
[26/35] What is the difference between machine learnin -> +6
[30/35] What is the Cambrian explosion in evolutionary -> +6
[31/35] What are the main features of the Rust program -> +6
[28/35] What is the current understanding of dark matt -> +6
[27/35] What are stablecoins and how do they maintain  -> +6
[32/35] How does photosynthesis convert sunlight into  -> +6
[33/35] What is a rollup in Ethereum scaling and how d -> +6
[34/35] What are the causes and effects of ocean acidi -> +6
[35/35] What is the difference between symmetric and a -> +6
wrote 210 rows to /home/asuran/Downloads/hackathon-hq/work/telegraph/scorer/research/web_search/traffic-websearch.json
